   Γû▓ Next.js 15.5.12
   - Environments: .env.local

   Creating an optimized production build ...
 Γ£ô Compiled successfully in 26.9s
   Skipping linting
   Checking validity of types ...
   Collecting page data ...
   Generating static pages (0/48) ...
   Generating static pages (12/48) 
   Generating static pages (24/48) 
   Generating static pages (36/48) 
 Γ£ô Generating static pages (48/48)
   Finalizing page optimization ...
   Collecting build traces ...

Route (app)                                     Size  First Load JS
Γöî Γùï /                                        5.97 kB         171 kB
Γö£ Γùï /_not-found                                 1 kB         103 kB
Γö£ Γùï /account                                 20.2 kB         194 kB
Γö£ Γùï /admin                                   59.5 kB         519 kB
Γö£ Γùï /admin/accept-invite                     13.4 kB         116 kB
Γö£ Γùï /admin/clear-cache                       1.06 kB         107 kB
Γö£ Γùï /admin/reset-password                    3.17 kB         106 kB
Γö£ Γùï /admin/shipping                          2.47 kB         105 kB
Γö£ Γùï /admin/spreadsheet                       1.54 kB         451 kB
Γö£ ╞Æ /admin/spreadsheet/shared/[token]          394 B         103 kB
Γö£ Γùï /admin/top-info-bar                      2.21 kB         115 kB
Γö£ Γùï /admin/upload-products                   5.29 kB         118 kB
Γö£ ╞Æ /api/abandoned-cart-email                  287 B         103 kB
Γö£ ╞Æ /api/abandoned-carts                       287 B         103 kB
Γö£ ╞Æ /api/abandoned-carts/auto-send             287 B         103 kB
Γö£ ╞Æ /api/abandoned-carts/stats                 287 B         103 kB
Γö£ ╞Æ /api/admin/2fa                             287 B         103 kB
Γö£ ╞Æ /api/admin/customers                       287 B         103 kB
Γö£ ╞Æ /api/admin/email-settings                  287 B         103 kB
Γö£ ╞Æ /api/admin/invite                          287 B         103 kB
Γö£ ╞Æ /api/admin/invite/accept                   287 B         103 kB
Γö£ ╞Æ /api/admin/logs                            287 B         103 kB
Γö£ ╞Æ /api/admin/orders                          287 B         103 kB
Γö£ ╞Æ /api/admin/products                        287 B         103 kB
Γö£ ╞Æ /api/admin/products/bulk-update            287 B         103 kB
Γö£ ╞Æ /api/admin/profile                         287 B         103 kB
Γö£ ╞Æ /api/admin/reset                           287 B         103 kB
Γö£ ╞Æ /api/admin/s3                              287 B         103 kB
Γö£ ╞Æ /api/admin/s3/upload                       287 B         103 kB
Γö£ ╞Æ /api/admin/spreadsheet/share               287 B         103 kB
Γö£ ╞Æ /api/admin/support-chats                   287 B         103 kB
Γö£ ╞Æ /api/admin/upload-products                 287 B         103 kB
Γö£ ╞Æ /api/admin/upload-products/template.csv    287 B         103 kB
Γö£ ╞Æ /api/admin/users                           287 B         103 kB
Γö£ ╞Æ /api/admin/users/reset-password            287 B         103 kB
Γö£ ╞Æ /api/admin/users/reset-password/confirm    287 B         103 kB
Γö£ ╞Æ /api/auth/apple                            287 B         103 kB
Γö£ ╞Æ /api/auth/change-password                  287 B         103 kB
Γö£ ╞Æ /api/auth/check-email                      287 B         103 kB
Γö£ ╞Æ /api/auth/forgot-password                  287 B         103 kB
Γö£ ╞Æ /api/auth/login                            287 B         103 kB
Γö£ ╞Æ /api/auth/register                         287 B         103 kB
Γö£ ╞Æ /api/auth/reset-password                   287 B         103 kB
Γö£ ╞Æ /api/auth/verify-email                     287 B         103 kB
Γö£ ╞Æ /api/auth/verify-phone                     287 B         103 kB
Γö£ ╞Æ /api/cart                                  287 B         103 kB
Γö£ ╞Æ /api/categories                            287 B         103 kB
Γö£ ╞Æ /api/contact                               287 B         103 kB
Γö£ ╞Æ /api/content                               287 B         103 kB
Γö£ ╞Æ /api/content/[key]                         287 B         103 kB
Γö£ ╞Æ /api/coupons                               287 B         103 kB
Γö£ ╞Æ /api/email                                 287 B         103 kB
Γö£ ╞Æ /api/feed/products                         287 B         103 kB
Γö£ ╞Æ /api/orders                                287 B         103 kB
Γö£ ╞Æ /api/orders/[id]                           287 B         103 kB
Γö£ ╞Æ /api/orders/send-emails                    287 B         103 kB
Γö£ ╞Æ /api/presence                              287 B         103 kB
Γö£ ╞Æ /api/products                              287 B         103 kB
Γö£ ╞Æ /api/returns                               287 B         103 kB
Γö£ ╞Æ /api/returns/[id]                          287 B         103 kB
Γö£ ╞Æ /api/reviews                               287 B         103 kB
Γö£ ╞Æ /api/reviews/[id]                          287 B         103 kB
Γö£ ╞Æ /api/settings                              287 B         103 kB
Γö£ ╞Æ /api/shipping/rates                        287 B         103 kB
Γö£ ╞Æ /api/sms/send                              287 B         103 kB
Γö£ ╞Æ /api/stripe/confirm-payment                287 B         103 kB
Γö£ ╞Æ /api/stripe/create-checkout-session        287 B         103 kB
Γö£ ╞Æ /api/stripe/create-payment-intent          287 B         103 kB
Γö£ ╞Æ /api/support-chat                          287 B         103 kB
Γö£ ╞Æ /api/support-chat/typing                   287 B         103 kB
Γö£ ╞Æ /api/upload                                287 B         103 kB
Γö£ ╞Æ /api/users                                 287 B         103 kB
Γö£ ╞Æ /api/webhooks/stripe                       287 B         103 kB
Γö£ ╞Æ /automotive/[[...slug]]                  2.33 kB         167 kB
Γö£ Γùï /cart                                    4.22 kB         126 kB
Γö£ Γùï /checkout                                11.2 kB         130 kB
Γö£ Γùï /contact                                 2.86 kB         109 kB
Γö£ ╞Æ /for-the-home/[[...slug]]                2.33 kB         167 kB
Γö£ Γùï /forgot-password                          2.5 kB         148 kB
Γö£ ╞Æ /garage-gate/[[...slug]]                 2.33 kB         167 kB
Γö£ ╞Æ /locksmithing/[[...slug]]                2.33 kB         167 kB
Γö£ Γùï /login                                   5.59 kB         162 kB
Γö£ Γùï /order-success                             962 B         103 kB
Γö£ ╞Æ /product/[id]                            7.08 kB         169 kB
Γö£ ╞Æ /products/[category]                       150 B         193 kB
Γö£ Γùï /products/all                              150 B         193 kB
Γö£ Γùï /register                                8.22 kB         165 kB
Γö£ Γùï /reset-password                          4.71 kB         150 kB
Γö£ Γùï /return-policy                             166 B         106 kB
Γö£ Γùï /returns                                 4.72 kB         111 kB
Γö£ Γùï /robots.txt                                287 B         103 kB
Γö£ ╞Æ /s/[token]                               1.46 kB         450 kB
Γö£ Γùï /shop-by-brand                           5.38 kB         167 kB
Γö£ ╞Æ /sitemap.xml                               287 B         103 kB
Γö£ ╞Æ /support/[[...slug]]                     2.33 kB         167 kB
Γö£ Γùï /verify-email                            2.98 kB         148 kB
Γöö Γùï /wishlist                                4.34 kB         166 kB
+ First Load JS shared by all                 102 kB
  Γö£ chunks/1255-5b2f83b848a1f0f1.js          46.1 kB
  Γö£ chunks/4bd1b696-100b9d70ed4e49c1.js      54.2 kB
  Γöö other shared chunks (total)              2.07 kB


Γùï  (Static)   prerendered as static content
╞Æ  (Dynamic)  server-rendered on demand

